
> frontend-temp@0.0.0 build
> tsc && vite build

src/pages/FittingPage.tsx(358,39): error TS17015: Expected corresponding closing tag for JSX fragment.
src/pages/FittingPage.tsx(358,45): error TS1382: Unexpected token. Did you mean `{'>'}` or `&gt;`?
src/pages/FittingPage.tsx(359,34): error TS1381: Unexpected token. Did you mean `{'}'}` or `&rbrace;`?
